npm verbose cli C:\Program Files\nodejs\node.exe C:\Program Files\nodejs\node_modules\npm\bin\npm-cli.js
npm info using npm@11.9.0
npm info using node@v24.14.0
npm verbose title npm install
npm verbose argv "install" "--include" "dev" "--no-progress" "--loglevel" "verbose"
npm verbose logfile logs-max:10 dir:C:\Users\Dell Precision\AppData\Local\npm-cache\_logs\2026-03-31T12_47_29_627Z-
npm verbose logfile C:\Users\Dell Precision\AppData\Local\npm-cache\_logs\2026-03-31T12_47_29_627Z-debug-0.log
npm http cache https://registry.npmjs.org/@dhiwise%2fcomponent-tagger 112ms (cache hit)
npm http cache https://registry.npmjs.org/next 369ms (cache hit)
npm http cache https://registry.npmjs.org/@opentelemetry%2fapi 211ms (cache hit)
npm http cache https://registry.npmjs.org/@playwright%2ftest 124ms (cache hit)
npm http cache https://registry.npmjs.org/babel-plugin-react-compiler 42ms (cache hit)
npm http cache https://registry.npmjs.org/react 96ms (cache hit)
npm http cache https://registry.npmjs.org/react-dom 161ms (cache hit)
npm http cache https://registry.npmjs.org/sass 84ms (cache hit)
npm http cache https://registry.npmjs.org/vite 497ms (cache hit)
npm http cache https://registry.npmjs.org/@types%2fnode 275ms (cache hit)
npm http cache https://registry.npmjs.org/@vitejs%2fdevtools 36ms (cache hit)
npm http cache https://registry.npmjs.org/esbuild 38ms (cache hit)
npm http cache https://registry.npmjs.org/jiti 47ms (cache hit)
npm http cache https://registry.npmjs.org/less 30ms (cache hit)
npm http cache https://registry.npmjs.org/sass-embedded 30ms (cache hit)
npm http cache https://registry.npmjs.org/stylus 73ms (cache hit)
npm http cache https://registry.npmjs.org/sugarss 29ms (cache hit)
npm http cache https://registry.npmjs.org/postcss 34ms (cache hit)
npm http cache https://registry.npmjs.org/terser 35ms (cache hit)
npm http cache https://registry.npmjs.org/tsx 24ms (cache hit)
npm http cache https://registry.npmjs.org/yaml 31ms (cache hit)
npm http cache https://registry.npmjs.org/webpack 83ms (cache hit)
npm http cache https://registry.npmjs.org/@heroicons%2freact 94ms (cache hit)
npm http cache https://registry.npmjs.org/@supabase%2fssr 36ms (cache hit)
npm http cache https://registry.npmjs.org/@supabase%2fsupabase-js 78ms (cache hit)
npm http cache https://registry.npmjs.org/@tailwindcss%2fforms 28ms (cache hit)
npm http cache https://registry.npmjs.org/tailwindcss 175ms (cache hit)
npm http cache https://registry.npmjs.org/@tailwindcss%2ftypography 31ms (cache hit)
npm http cache https://registry.npmjs.org/lucide-react 64ms (cache hit)
npm http cache https://registry.npmjs.org/react-hook-form 91ms (cache hit)
npm http cache https://registry.npmjs.org/recharts 73ms (cache hit)
npm http cache https://registry.npmjs.org/sonner 26ms (cache hit)
npm http cache https://registry.npmjs.org/@netlify%2fplugin-nextjs 44ms (cache hit)
npm http cache https://registry.npmjs.org/@types%2freact 101ms (cache hit)
npm http cache https://registry.npmjs.org/@types%2freact-dom 49ms (cache hit)
npm http cache https://registry.npmjs.org/@typescript-eslint%2feslint-plugin 397ms (cache hit)
npm http cache https://registry.npmjs.org/@typescript-eslint%2fparser 432ms (cache hit)
npm http cache https://registry.npmjs.org/eslint 102ms (cache hit)
npm http cache https://registry.npmjs.org/typescript 316ms (cache hit)
npm http cache https://registry.npmjs.org/autoprefixer 54ms (cache hit)
npm http cache https://registry.npmjs.org/eslint-config-next 153ms (cache hit)
npm http cache https://registry.npmjs.org/eslint-config-prettier 974ms (cache hit)
npm http cache https://registry.npmjs.org/eslint-plugin-prettier 47ms (cache hit)
npm http cache https://registry.npmjs.org/@types%2feslint 188ms (cache hit)
npm http cache https://registry.npmjs.org/prettier 33ms (cache hit)
npm http cache https://registry.npmjs.org/tailwindcss-animate 23ms (cache hit)
npm http cache https://registry.npmjs.org/@babel%2fcore 83ms (cache hit)
npm http cache https://registry.npmjs.org/@babel%2fparser 122ms (cache hit)
npm http cache https://registry.npmjs.org/fast-glob 171ms (cache hit)
npm http cache https://registry.npmjs.org/file-entry-cache 192ms (cache hit)
npm http cache https://registry.npmjs.org/unplugin 217ms (cache hit)
npm http cache https://registry.npmjs.org/magic-string 259ms (cache hit)
npm http cache https://registry.npmjs.org/picomatch 284ms (cache hit)
npm http cache https://registry.npmjs.org/events 276ms (cache hit)
npm http cache https://registry.npmjs.org/acorn 349ms (cache hit)
npm http cache https://registry.npmjs.org/neo-async 291ms (cache hit)
npm http cache https://registry.npmjs.org/tapable 337ms (cache hit)
npm http cache https://registry.npmjs.org/mime-types 261ms (cache hit)
npm http cache https://registry.npmjs.org/watchpack 309ms (cache hit)
npm http cache https://registry.npmjs.org/graceful-fs 290ms (cache hit)
npm http cache https://registry.npmjs.org/eslint-scope 205ms (cache hit)
npm http cache https://registry.npmjs.org/@types%2festree 182ms (cache hit)
npm http cache https://registry.npmjs.org/loader-runner 179ms (cache hit)
npm http cache https://registry.npmjs.org/glob-to-regexp 178ms (cache hit)
npm http cache https://registry.npmjs.org/browserslist 354ms (cache hit)
npm http cache https://registry.npmjs.org/schema-utils 338ms (cache hit)
npm http cache https://registry.npmjs.org/es-module-lexer 287ms (cache hit)
npm http cache https://registry.npmjs.org/@types%2fjson-schema 248ms (cache hit)
npm http cache https://registry.npmjs.org/enhanced-resolve 291ms (cache hit)
npm http cache https://registry.npmjs.org/webpack-sources 335ms (cache hit)
npm http cache https://registry.npmjs.org/@webassemblyjs%2fast 282ms (cache hit)
npm http cache https://registry.npmjs.org/chrome-trace-event 240ms (cache hit)
npm http cache https://registry.npmjs.org/@types%2feslint-scope 221ms (cache hit)
npm http cache https://registry.npmjs.org/acorn-import-phases 217ms (cache hit)
npm http cache https://registry.npmjs.org/@webassemblyjs%2fwasm-edit 162ms (cache hit)
npm http cache https://registry.npmjs.org/terser-webpack-plugin 225ms (cache hit)
npm http cache https://registry.npmjs.org/json-parse-even-better-errors 179ms (cache hit)
npm http cache https://registry.npmjs.org/@webassemblyjs%2fwasm-parser 228ms (cache hit)
npm http cache https://registry.npmjs.org/lightningcss 219ms (cache hit)
npm http cache https://registry.npmjs.org/tinyglobby 210ms (cache hit)
npm http cache https://registry.npmjs.org/rolldown 284ms (cache hit)
npm http cache https://registry.npmjs.org/fsevents 553ms (cache hit)
npm http cache https://registry.npmjs.org/@next%2fenv 591ms (cache hit)
npm http cache https://registry.npmjs.org/busboy 843ms (cache hit)
npm http cache https://registry.npmjs.org/styled-jsx 815ms (cache hit)
npm http cache https://registry.npmjs.org/@swc%2fcounter 830ms (cache hit)
npm http cache https://registry.npmjs.org/@swc%2fhelpers 826ms (cache hit)
npm http cache https://registry.npmjs.org/caniuse-lite 654ms (cache hit)
npm http cache https://registry.npmjs.org/sharp 575ms (cache hit)
npm http cache https://registry.npmjs.org/@next%2fswc-darwin-arm64 381ms (cache hit)
npm http cache https://registry.npmjs.org/@next%2fswc-darwin-x64 629ms (cache hit)
npm http cache https://registry.npmjs.org/@next%2fswc-linux-x64-gnu 909ms (cache hit)
npm http cache https://registry.npmjs.org/@next%2fswc-linux-x64-musl 1103ms (cache hit)
npm http cache https://registry.npmjs.org/@next%2fswc-win32-x64-msvc 1244ms (cache hit)
npm http cache https://registry.npmjs.org/@next%2fswc-linux-arm64-gnu 1419ms (cache hit)
npm http cache https://registry.npmjs.org/cookie 711ms (cache hit)
npm http cache https://registry.npmjs.org/@next%2fswc-win32-arm64-msvc 1310ms (cache hit)
npm http cache https://registry.npmjs.org/scheduler 1280ms (cache hit)
npm http cache https://registry.npmjs.org/@next%2fswc-linux-arm64-musl 2161ms (cache hit)
npm http cache https://registry.npmjs.org/@types%2fcookie 1332ms (cache hit)
npm http cache https://registry.npmjs.org/@supabase%2fauth-js 1107ms (cache hit)
npm http cache https://registry.npmjs.org/@supabase%2fnode-fetch 945ms (cache hit)
npm http cache https://registry.npmjs.org/@supabase%2fstorage-js 965ms (cache hit)
npm http cache https://registry.npmjs.org/@supabase%2fpostgrest-js 270ms (cache hit)
npm http cache https://registry.npmjs.org/@supabase%2ffunctions-js 551ms (cache hit)
npm http cache https://registry.npmjs.org/@supabase%2frealtime-js 939ms (cache hit)
npm http cache https://registry.npmjs.org/mini-svg-data-uri 491ms (cache hit)
npm http cache https://registry.npmjs.org/arg 451ms (cache hit)
npm http cache https://registry.npmjs.org/dlv 448ms (cache hit)
npm http cache https://registry.npmjs.org/is-glob 350ms (cache hit)
npm http cache https://registry.npmjs.org/resolve 280ms (cache hit)
npm http cache https://registry.npmjs.org/sucrase 245ms (cache hit)
npm http cache https://registry.npmjs.org/chokidar 212ms (cache hit)
npm http cache https://registry.npmjs.org/didyoumean 225ms (cache hit)
npm http cache https://registry.npmjs.org/lilconfig 259ms (cache hit)
npm http cache https://registry.npmjs.org/micromatch 245ms (cache hit)
npm http cache https://registry.npmjs.org/picocolors 257ms (cache hit)
npm http cache https://registry.npmjs.org/postcss-js 231ms (cache hit)
npm http cache https://registry.npmjs.org/glob-parent 194ms (cache hit)
npm http cache https://registry.npmjs.org/object-hash 167ms (cache hit)
npm http cache https://registry.npmjs.org/normalize-path 166ms (cache hit)
npm http cache https://registry.npmjs.org/postcss-import 165ms (cache hit)
npm http cache https://registry.npmjs.org/postcss-nested 145ms (cache hit)
npm http cache https://registry.npmjs.org/postcss-load-config 129ms (cache hit)
npm http cache https://registry.npmjs.org/@alloc%2fquick-lru 159ms (cache hit)
npm http cache https://registry.npmjs.org/postcss-selector-parser 129ms (cache hit)
npm http cache https://registry.npmjs.org/postcss-selector-parser 166ms (cache hit)
npm http cache https://registry.npmjs.org/csstype 154ms (cache hit)
npm http cache https://registry.npmjs.org/ignore 160ms (cache hit)
npm http cache https://registry.npmjs.org/ts-api-utils 171ms (cache hit)
npm http cache https://registry.npmjs.org/natural-compare 215ms (cache hit)
npm http cache https://registry.npmjs.org/@typescript-eslint%2ftype-utils 329ms (cache hit)
npm http cache https://registry.npmjs.org/@typescript-eslint%2futils 831ms (cache hit)
npm http cache https://registry.npmjs.org/@typescript-eslint%2fvisitor-keys 1158ms (cache hit)
npm http cache https://registry.npmjs.org/@eslint-community%2fregexpp 1973ms (cache hit)
npm http cache https://registry.npmjs.org/debug 2017ms (cache hit)
npm http cache https://registry.npmjs.org/@typescript-eslint%2fscope-manager 2308ms (cache hit)
npm http cache https://registry.npmjs.org/chalk 796ms (cache hit)
npm http cache https://registry.npmjs.org/@typescript-eslint%2ftypes 3080ms (cache hit)
npm http cache https://registry.npmjs.org/ajv 1806ms (cache hit)
npm http cache https://registry.npmjs.org/@typescript-eslint%2fvisitor-keys 3474ms (cache hit)
npm http cache https://registry.npmjs.org/@typescript-eslint%2ftypescript-estree 2867ms (cache hit)
npm http cache https://registry.npmjs.org/@typescript-eslint%2fscope-manager 4291ms (cache hit)
npm http cache https://registry.npmjs.org/espree 3042ms (cache hit)
npm http cache https://registry.npmjs.org/esquery 3007ms (cache hit)
npm http cache https://registry.npmjs.org/esutils 2140ms (cache hit)
npm http cache https://registry.npmjs.org/@eslint%2fjs 814ms (cache hit)
npm http cache https://registry.npmjs.org/minimatch 1510ms (cache hit)
npm http cache https://registry.npmjs.org/optionator 175ms (cache hit)
npm http cache https://registry.npmjs.org/find-up 2131ms (cache hit)
npm http cache https://registry.npmjs.org/cross-spawn 167ms (cache hit)
npm http cache https://registry.npmjs.org/imurmurhash 177ms (cache hit)
npm http cache https://registry.npmjs.org/@humanfs%2fnode 117ms (cache hit)
npm http cache https://registry.npmjs.org/@eslint%2fcore 181ms (cache hit)
npm http cache https://registry.npmjs.org/lodash.merge 172ms (cache hit)
npm http cache https://registry.npmjs.org/fast-deep-equal 139ms (cache hit)
npm http cache https://registry.npmjs.org/eslint-visitor-keys 123ms (cache hit)
npm http cache https://registry.npmjs.org/@eslint%2fplugin-kit 153ms (cache hit)
npm http cache https://registry.npmjs.org/@eslint%2fconfig-array 135ms (cache hit)
npm http cache https://registry.npmjs.org/@humanwhocodes%2fretry 139ms (cache hit)
npm http cache https://registry.npmjs.org/@humanwhocodes%2fmodule-importer 95ms (cache hit)
npm http cache https://registry.npmjs.org/@eslint-community%2feslint-utils 118ms (cache hit)
npm http cache https://registry.npmjs.org/escape-string-regexp 167ms (cache hit)
npm http cache https://registry.npmjs.org/json-stable-stringify-without-jsonify 122ms (cache hit)
npm http cache https://registry.npmjs.org/@eslint%2fconfig-helpers 174ms (cache hit)
npm http cache https://registry.npmjs.org/normalize-range 113ms (cache hit)
npm http cache https://registry.npmjs.org/fraction.js 147ms (cache hit)
npm http cache https://registry.npmjs.org/caniuse-lite 191ms (cache hit)
npm http cache https://registry.npmjs.org/nanoid 234ms (cache hit)
npm http cache https://registry.npmjs.org/postcss-value-parser 272ms (cache hit)
npm http cache https://registry.npmjs.org/eslint-plugin-react 264ms (cache hit)
npm http cache https://registry.npmjs.org/source-map-js 349ms (cache hit)
npm http cache https://registry.npmjs.org/eslint-plugin-import 382ms (cache hit)
npm http cache https://registry.npmjs.org/eslint-plugin-jsx-a11y 392ms (cache hit)
npm http cache https://registry.npmjs.org/@next%2feslint-plugin-next 350ms (cache hit)
npm http cache https://registry.npmjs.org/@rushstack%2feslint-patch 607ms (cache hit)
npm http cache https://registry.npmjs.org/eslint-plugin-react-hooks 650ms (cache hit)
npm http cache https://registry.npmjs.org/eslint-import-resolver-node 881ms (cache hit)
npm http cache https://registry.npmjs.org/eslint-import-resolver-typescript 874ms (cache hit)
npm http cache https://registry.npmjs.org/prettier-linter-helpers 834ms (cache hit)
npm http cache https://registry.npmjs.org/synckit 822ms (cache hit)
npm http cache https://registry.npmjs.org/clsx 549ms (cache hit)
npm http cache https://registry.npmjs.org/lodash 535ms (cache hit)
npm http cache https://registry.npmjs.org/eventemitter3 169ms (cache hit)
npm http cache https://registry.npmjs.org/react-is 246ms (cache hit)
npm http cache https://registry.npmjs.org/recharts-scale 394ms (cache hit)
npm http cache https://registry.npmjs.org/tiny-invariant 375ms (cache hit)
npm http cache https://registry.npmjs.org/victory-vendor 361ms (cache hit)
npm http cache https://registry.npmjs.org/semver 67ms (cache hit)
npm http cache https://registry.npmjs.org/@babel%2ftypes 90ms (cache hit)
npm http cache https://registry.npmjs.org/gensync 121ms (cache hit)
npm http cache https://registry.npmjs.org/@babel%2ftemplate 123ms (cache hit)
npm http cache https://registry.npmjs.org/json5 155ms (cache hit)
npm http cache https://registry.npmjs.org/@babel%2fhelpers 163ms (cache hit)
npm http cache https://registry.npmjs.org/@babel%2ftraverse 180ms (cache hit)
npm http cache https://registry.npmjs.org/@jridgewell%2fremapping 170ms (cache hit)
npm http cache https://registry.npmjs.org/@babel%2fgenerator 251ms (cache hit)
npm http cache https://registry.npmjs.org/@babel%2fhelper-compilation-targets 190ms (cache hit)
npm http cache https://registry.npmjs.org/@babel%2fcode-frame 284ms (cache hit)
npm http cache https://registry.npmjs.org/@nodelib%2ffs.stat 193ms (cache hit)
npm http cache https://registry.npmjs.org/convert-source-map 302ms (cache hit)
npm http cache https://registry.npmjs.org/@babel%2fhelper-module-transforms 278ms (cache hit)
npm http cache https://registry.npmjs.org/@nodelib%2ffs.walk 175ms (cache hit)
npm http cache https://registry.npmjs.org/flat-cache 135ms (cache hit)
npm http cache https://registry.npmjs.org/@jridgewell%2fsourcemap-codec 138ms (cache hit)
npm http cache https://registry.npmjs.org/webpack-virtual-modules 131ms (cache hit)
npm http cache https://registry.npmjs.org/merge2 199ms (cache hit)
npm http cache https://registry.npmjs.org/jsesc 94ms (cache hit)
npm http cache https://registry.npmjs.org/@jridgewell%2fgen-mapping 107ms (cache hit)
npm http cache https://registry.npmjs.org/lru-cache 112ms (cache hit)
npm http cache https://registry.npmjs.org/js-tokens 190ms (cache hit)
npm http cache https://registry.npmjs.org/@jridgewell%2ftrace-mapping 201ms (cache hit)
npm http cache https://registry.npmjs.org/@babel%2fhelper-validator-identifier 232ms (cache hit)
npm http cache https://registry.npmjs.org/@babel%2fcompat-data 238ms (cache hit)
npm http cache https://registry.npmjs.org/@babel%2fhelper-module-imports 218ms (cache hit)
npm http cache https://registry.npmjs.org/@babel%2fhelper-validator-option 249ms (cache hit)
npm http cache https://registry.npmjs.org/@babel%2fhelper-validator-identifier 183ms (cache hit)
npm http cache https://registry.npmjs.org/@babel%2fhelper-globals 169ms (cache hit)
npm http cache https://registry.npmjs.org/@babel%2fhelper-string-parser 151ms (cache hit)
npm http cache https://registry.npmjs.org/ms 128ms (cache hit)
npm http cache https://registry.npmjs.org/@jridgewell%2fresolve-uri 22ms (cache hit)
npm http cache https://registry.npmjs.org/update-browserslist-db 56ms (cache hit)
npm http cache https://registry.npmjs.org/yallist 60ms (cache hit)
npm http cache https://registry.npmjs.org/caniuse-lite 99ms (cache hit)
npm http cache https://registry.npmjs.org/node-releases 173ms (cache hit)
npm http cache https://registry.npmjs.org/baseline-browser-mapping 197ms (cache hit)
npm http cache https://registry.npmjs.org/electron-to-chromium 262ms (cache hit)
npm http cache https://registry.npmjs.org/globals 23ms (cache hit)
npm http cache https://registry.npmjs.org/import-fresh 24ms (cache hit)
npm http cache https://registry.npmjs.org/js-yaml 27ms (cache hit)
npm http cache https://registry.npmjs.org/strip-json-comments 19ms (cache hit)
npm http cache https://registry.npmjs.org/json-schema-traverse 83ms (cache hit)
npm http cache https://registry.npmjs.org/fast-json-stable-stringify 96ms (cache hit)
npm http cache https://registry.npmjs.org/uri-js 99ms (cache hit)
npm http cache https://registry.npmjs.org/acorn-jsx 104ms (cache hit)
npm http cache https://registry.npmjs.org/resolve-from 102ms (cache hit)
npm http cache https://registry.npmjs.org/argparse 109ms (cache hit)
npm http cache https://registry.npmjs.org/parent-module 120ms (cache hit)
npm http cache https://registry.npmjs.org/brace-expansion 70ms (cache hit)
npm http cache https://registry.npmjs.org/whatwg-url 48ms (cache hit)
npm http cache https://registry.npmjs.org/@types%2fphoenix 63ms (cache hit)
npm http cache https://registry.npmjs.org/ws 75ms (cache hit)
npm http cache https://registry.npmjs.org/@types%2fws 104ms (cache hit)
npm http cache https://registry.npmjs.org/webidl-conversions 26ms (cache hit)
npm http cache https://registry.npmjs.org/tr46 42ms (cache hit)
npm http cache https://registry.npmjs.org/bufferutil 22ms (cache hit)
npm http cache https://registry.npmjs.org/utf-8-validate 25ms (cache hit)
npm http cache https://registry.npmjs.org/cssesc 34ms (cache hit)
npm http cache https://registry.npmjs.org/util-deprecate 39ms (cache hit)
npm http cache https://registry.npmjs.org/undici-types 20ms (cache hit)
npm http cache https://registry.npmjs.org/typescript 204ms (cache hit)
npm http cache https://registry.npmjs.org/eslint 85ms (cache hit)
npm http cache https://registry.npmjs.org/@typescript-eslint%2ftsconfig-utils 43ms (cache hit)
npm http cache https://registry.npmjs.org/@typescript-eslint%2fproject-service 87ms (cache hit)
npm http cache https://registry.npmjs.org/punycode 30ms (cache hit)
npm http cache https://registry.npmjs.org/escalade 40ms (cache hit)
npm http cache https://registry.npmjs.org/levn 77ms (cache hit)
npm http cache https://registry.npmjs.org/@eslint%2fobject-schema 90ms (cache hit)
npm http cache https://registry.npmjs.org/@humanfs%2fcore 98ms (cache hit)
npm http cache https://registry.npmjs.org/ansi-styles 110ms (cache hit)
npm http cache https://registry.npmjs.org/supports-color 114ms (cache hit)
npm http cache https://registry.npmjs.org/which 134ms (cache hit)
npm http cache https://registry.npmjs.org/path-key 143ms (cache hit)
npm http cache https://registry.npmjs.org/estraverse 120ms (cache hit)
npm http cache https://registry.npmjs.org/esrecurse 149ms (cache hit)
npm http cache https://registry.npmjs.org/locate-path 113ms (cache hit)
npm http cache https://registry.npmjs.org/shebang-command 184ms (cache hit)
npm http cache https://registry.npmjs.org/estraverse 157ms (cache hit)
npm http cache https://registry.npmjs.org/path-exists 137ms (cache hit)
npm http cache https://registry.npmjs.org/is-extglob 137ms (cache hit)
npm http cache https://registry.npmjs.org/prelude-ls 110ms (cache hit)
npm http cache https://registry.npmjs.org/deep-is 111ms (cache hit)
npm http cache https://registry.npmjs.org/type-check 97ms (cache hit)
npm http cache https://registry.npmjs.org/fast-levenshtein 84ms (cache hit)
npm http cache https://registry.npmjs.org/word-wrap 128ms (cache hit)
npm http cache https://registry.npmjs.org/color-convert 33ms (cache hit)
npm http cache https://registry.npmjs.org/has-flag 54ms (cache hit)
npm http cache https://registry.npmjs.org/color-name 28ms (cache hit)
npm http cache https://registry.npmjs.org/isexe 85ms (cache hit)
npm http cache https://registry.npmjs.org/shebang-regex 123ms (cache hit)
npm http cache https://registry.npmjs.org/eslint 59ms (cache hit)
npm http cache https://registry.npmjs.org/eslint-plugin-import-x 27ms (cache hit)
npm http cache https://registry.npmjs.org/@typescript-eslint%2futils 149ms (cache hit)
npm http cache https://registry.npmjs.org/typescript 277ms (cache hit)
npm http cache https://registry.npmjs.org/is-core-module 116ms (cache hit)
npm http cache https://registry.npmjs.org/get-tsconfig 126ms (cache hit)
npm http cache https://registry.npmjs.org/@nolyfill%2fis-core-module 127ms (cache hit)
npm http cache https://registry.npmjs.org/unrs-resolver 143ms (cache hit)
npm http cache https://registry.npmjs.org/stable-hash 183ms (cache hit)
npm http cache https://registry.npmjs.org/@rtsao%2fscc 169ms (cache hit)
npm http cache https://registry.npmjs.org/is-bun-module 193ms (cache hit)
npm http cache https://registry.npmjs.org/array-includes 178ms (cache hit)
npm http cache https://registry.npmjs.org/array.prototype.flat 163ms (cache hit)
npm http cache https://registry.npmjs.org/array.prototype.findlastindex 192ms (cache hit)
npm http cache https://registry.npmjs.org/array.prototype.flatmap 173ms (cache hit)
npm http cache https://registry.npmjs.org/doctrine 177ms (cache hit)
npm http cache https://registry.npmjs.org/eslint-module-utils 186ms (cache hit)
npm http cache https://registry.npmjs.org/hasown 194ms (cache hit)
npm http cache https://registry.npmjs.org/object.fromentries 177ms (cache hit)
npm http cache https://registry.npmjs.org/object.groupby 179ms (cache hit)
npm http cache https://registry.npmjs.org/object.values 171ms (cache hit)
npm http cache https://registry.npmjs.org/aria-query 126ms (cache hit)
npm http cache https://registry.npmjs.org/string.prototype.trimend 192ms (cache hit)
npm http cache https://registry.npmjs.org/tsconfig-paths 189ms (cache hit)
npm http cache https://registry.npmjs.org/ast-types-flow 172ms (cache hit)
npm http cache https://registry.npmjs.org/axobject-query 168ms (cache hit)
npm http cache https://registry.npmjs.org/emoji-regex 159ms (cache hit)
npm http cache https://registry.npmjs.org/jsx-ast-utils 170ms (cache hit)
npm http cache https://registry.npmjs.org/axe-core 368ms (cache hit)
npm http cache https://registry.npmjs.org/language-tags 643ms (cache hit)
npm http cache https://registry.npmjs.org/safe-regex-test 652ms (cache hit)
npm http cache https://registry.npmjs.org/damerau-levenshtein 745ms (cache hit)
npm http cache https://registry.npmjs.org/array.prototype.tosorted 687ms (cache hit)
npm http cache https://registry.npmjs.org/string.prototype.includes 796ms (cache hit)
npm http cache https://registry.npmjs.org/array.prototype.findlast 788ms (cache hit)
npm http cache https://registry.npmjs.org/es-iterator-helpers 297ms (cache hit)
npm http cache https://registry.npmjs.org/object.entries 299ms (cache hit)
npm http cache https://registry.npmjs.org/prop-types 297ms (cache hit)
npm http cache https://registry.npmjs.org/string.prototype.matchall 290ms (cache hit)
npm http cache https://registry.npmjs.org/string.prototype.repeat 152ms (cache hit)
npm http cache https://registry.npmjs.org/path-parse 30ms (cache hit)
npm http cache https://registry.npmjs.org/supports-preserve-symlinks-flag 34ms (cache hit)
npm http cache https://registry.npmjs.org/resolve-pkg-maps 98ms (cache hit)
npm http cache https://registry.npmjs.org/napi-postinstall 101ms (cache hit)
npm http cache https://registry.npmjs.org/fdir 115ms (cache hit)
npm http cache https://registry.npmjs.org/@unrs%2fresolver-binding-win32-ia32-msvc 115ms (cache hit)
npm http cache https://registry.npmjs.org/@unrs%2fresolver-binding-win32-arm64-msvc 129ms (cache hit)
npm http cache https://registry.npmjs.org/@unrs%2fresolver-binding-linux-x64-gnu 119ms (cache hit)
npm http cache https://registry.npmjs.org/@unrs%2fresolver-binding-win32-x64-msvc 151ms (cache hit)
npm http cache https://registry.npmjs.org/@unrs%2fresolver-binding-linux-x64-musl 130ms (cache hit)
npm http cache https://registry.npmjs.org/@unrs%2fresolver-binding-android-arm64 111ms (cache hit)
npm http cache https://registry.npmjs.org/@unrs%2fresolver-binding-linux-arm64-musl 100ms (cache hit)
npm http cache https://registry.npmjs.org/@unrs%2fresolver-binding-android-arm-eabi 102ms (cache hit)
npm http cache https://registry.npmjs.org/@unrs%2fresolver-binding-linux-arm64-gnu 129ms (cache hit)
npm http cache https://registry.npmjs.org/@unrs%2fresolver-binding-freebsd-x64 166ms (cache hit)
npm http cache https://registry.npmjs.org/@unrs%2fresolver-binding-linux-arm-gnueabihf 123ms (cache hit)
npm http cache https://registry.npmjs.org/@unrs%2fresolver-binding-linux-arm-musleabihf 111ms (cache hit)
npm http cache https://registry.npmjs.org/@unrs%2fresolver-binding-linux-ppc64-gnu 114ms (cache hit)
npm http cache https://registry.npmjs.org/@unrs%2fresolver-binding-linux-riscv64-musl 103ms (cache hit)
npm http cache https://registry.npmjs.org/@unrs%2fresolver-binding-linux-riscv64-gnu 129ms (cache hit)
npm http cache https://registry.npmjs.org/@unrs%2fresolver-binding-linux-s390x-gnu 124ms (cache hit)
npm http cache https://registry.npmjs.org/@unrs%2fresolver-binding-darwin-arm64 118ms (cache hit)
npm http cache https://registry.npmjs.org/@unrs%2fresolver-binding-darwin-x64 134ms (cache hit)
npm http cache https://registry.npmjs.org/@unrs%2fresolver-binding-wasm32-wasi 84ms (cache hit)
npm http cache https://registry.npmjs.org/call-bind 76ms (cache hit)
npm http cache https://registry.npmjs.org/define-properties 85ms (cache hit)
npm http cache https://registry.npmjs.org/es-object-atoms 94ms (cache hit)
npm http cache https://registry.npmjs.org/get-intrinsic 101ms (cache hit)
npm http cache https://registry.npmjs.org/is-string 110ms (cache hit)
npm http cache https://registry.npmjs.org/call-bound 135ms (cache hit)
npm http cache https://registry.npmjs.org/es-abstract 145ms (cache hit)
npm http cache https://registry.npmjs.org/math-intrinsics 140ms (cache hit)
npm http cache https://registry.npmjs.org/es-abstract 141ms (cache hit)
npm http cache https://registry.npmjs.org/es-errors 157ms (cache hit)
npm http cache https://registry.npmjs.org/call-bound 219ms (cache hit)
npm http cache https://registry.npmjs.org/es-shim-unscopables 197ms (cache hit)
npm http cache https://registry.npmjs.org/es-abstract 211ms (cache hit)
npm http cache https://registry.npmjs.org/es-shim-unscopables 212ms (cache hit)
npm http cache https://registry.npmjs.org/es-shim-unscopables 201ms (cache hit)
npm http cache https://registry.npmjs.org/function-bind 178ms (cache hit)
npm http cache https://registry.npmjs.org/strip-bom 131ms (cache hit)
npm http cache https://registry.npmjs.org/minimist 151ms (cache hit)
npm http cache https://registry.npmjs.org/@types%2fjson5 130ms (cache hit)
npm http cache https://registry.npmjs.org/call-bind-apply-helpers 119ms (cache hit)
npm http cache https://registry.npmjs.org/es-define-property 128ms (cache hit)
npm http cache https://registry.npmjs.org/call-bind-apply-helpers 128ms (cache hit)
npm http cache https://registry.npmjs.org/set-function-length 140ms (cache hit)
npm http cache https://registry.npmjs.org/define-data-property 140ms (cache hit)
npm http cache https://registry.npmjs.org/has-property-descriptors 142ms (cache hit)
npm http cache https://registry.npmjs.org/object-keys 154ms (cache hit)
npm http cache https://registry.npmjs.org/array-buffer-byte-length 163ms (cache hit)
npm http cache https://registry.npmjs.org/es-set-tostringtag 108ms (cache hit)
npm http cache https://registry.npmjs.org/data-view-buffer 169ms (cache hit)
npm http cache https://registry.npmjs.org/arraybuffer.prototype.slice 204ms (cache hit)
npm http cache https://registry.npmjs.org/data-view-byte-length 186ms (cache hit)
npm http cache https://registry.npmjs.org/data-view-byte-offset 175ms (cache hit)
npm http cache https://registry.npmjs.org/available-typed-arrays 220ms (cache hit)
npm http cache https://registry.npmjs.org/es-to-primitive 118ms (cache hit)
npm http cache https://registry.npmjs.org/function.prototype.name 117ms (cache hit)
npm http cache https://registry.npmjs.org/get-proto 114ms (cache hit)
npm http cache https://registry.npmjs.org/get-symbol-description 111ms (cache hit)
npm http cache https://registry.npmjs.org/has-proto 95ms (cache hit)
npm http cache https://registry.npmjs.org/gopd 112ms (cache hit)
npm http cache https://registry.npmjs.org/globalthis 133ms (cache hit)
npm http cache https://registry.npmjs.org/has-symbols 127ms (cache hit)
npm http cache https://registry.npmjs.org/is-array-buffer 115ms (cache hit)
npm http cache https://registry.npmjs.org/internal-slot 141ms (cache hit)
npm http cache https://registry.npmjs.org/is-callable 141ms (cache hit)
npm http cache https://registry.npmjs.org/is-regex 132ms (cache hit)
npm http cache https://registry.npmjs.org/is-negative-zero 154ms (cache hit)
npm http cache https://registry.npmjs.org/is-data-view 181ms (cache hit)
npm http cache https://registry.npmjs.org/is-set 162ms (cache hit)
npm http cache https://registry.npmjs.org/own-keys 74ms (cache hit)
npm http cache https://registry.npmjs.org/is-shared-array-buffer 169ms (cache hit)
npm http cache https://registry.npmjs.org/is-typed-array 156ms (cache hit)
npm http cache https://registry.npmjs.org/is-weakref 156ms (cache hit)
npm http cache https://registry.npmjs.org/object-inspect 153ms (cache hit)
npm http cache https://registry.npmjs.org/object.assign 155ms (cache hit)
npm http cache https://registry.npmjs.org/regexp.prototype.flags 180ms (cache hit)
npm http cache https://registry.npmjs.org/safe-array-concat 203ms (cache hit)
npm http cache https://registry.npmjs.org/safe-push-apply 211ms (cache hit)
npm http cache https://registry.npmjs.org/set-proto 201ms (cache hit)
npm http cache https://registry.npmjs.org/stop-iteration-iterator 201ms (cache hit)
npm http cache https://registry.npmjs.org/string.prototype.trimstart 146ms (cache hit)
npm http cache https://registry.npmjs.org/string.prototype.trim 211ms (cache hit)
npm http cache https://registry.npmjs.org/typed-array-buffer 179ms (cache hit)
npm http cache https://registry.npmjs.org/typed-array-byte-offset 150ms (cache hit)
npm http cache https://registry.npmjs.org/typed-array-byte-length 170ms (cache hit)
npm http cache https://registry.npmjs.org/has-tostringtag 102ms (cache hit)
npm http cache https://registry.npmjs.org/unbox-primitive 155ms (cache hit)
npm http cache https://registry.npmjs.org/which-typed-array 143ms (cache hit)
npm http cache https://registry.npmjs.org/typed-array-length 186ms (cache hit)
npm http cache https://registry.npmjs.org/possible-typed-array-names 104ms (cache hit)
npm http cache https://registry.npmjs.org/dunder-proto 99ms (cache hit)
npm http cache https://registry.npmjs.org/is-symbol 131ms (cache hit)
npm http cache https://registry.npmjs.org/functions-have-names 140ms (cache hit)
npm http cache https://registry.npmjs.org/side-channel 138ms (cache hit)
npm http cache https://registry.npmjs.org/dunder-proto 151ms (cache hit)
npm http cache https://registry.npmjs.org/is-date-object 181ms (cache hit)
npm http cache https://registry.npmjs.org/isarray 135ms (cache hit)
npm http cache https://registry.npmjs.org/set-function-name 171ms (cache hit)
npm http cache https://registry.npmjs.org/for-each 139ms (cache hit)
npm http cache https://registry.npmjs.org/isarray 162ms (cache hit)
npm http cache https://registry.npmjs.org/reflect.getprototypeof 139ms (cache hit)
npm http cache https://registry.npmjs.org/for-each 162ms (cache hit)
npm http cache https://registry.npmjs.org/for-each 146ms (cache hit)
npm http cache https://registry.npmjs.org/reflect.getprototypeof 105ms (cache hit)
npm http cache https://registry.npmjs.org/has-bigints 98ms (cache hit)
npm http cache https://registry.npmjs.org/which-boxed-primitive 95ms (cache hit)
npm http cache https://registry.npmjs.org/language-subtag-registry 29ms (cache hit)
npm http cache https://registry.npmjs.org/fast-diff 35ms (cache hit)
npm http cache https://registry.npmjs.org/@pkgr%2fcore 38ms (cache hit)
npm http cache https://registry.npmjs.org/fastq 51ms (cache hit)
npm http cache https://registry.npmjs.org/@nodelib%2ffs.scandir 62ms (cache hit)
npm http cache https://registry.npmjs.org/braces 66ms (cache hit)
npm http cache https://registry.npmjs.org/run-parallel 35ms (cache hit)
npm http cache https://registry.npmjs.org/reusify 45ms (cache hit)
npm http cache https://registry.npmjs.org/queue-microtask 32ms (cache hit)
npm http cache https://registry.npmjs.org/keyv 43ms (cache hit)
npm http cache https://registry.npmjs.org/flatted 62ms (cache hit)
npm http cache https://registry.npmjs.org/rimraf 83ms (cache hit)
npm http cache https://registry.npmjs.org/p-locate 27ms (cache hit)
npm http cache https://registry.npmjs.org/json-buffer 32ms (cache hit)
npm http cache https://registry.npmjs.org/glob 45ms (cache hit)
npm http cache https://registry.npmjs.org/callsites 26ms (cache hit)
npm http cache https://registry.npmjs.org/side-channel-map 57ms (cache hit)
npm http cache https://registry.npmjs.org/side-channel-list 67ms (cache hit)
npm http cache https://registry.npmjs.org/side-channel-weakmap 67ms (cache hit)
npm http cache https://registry.npmjs.org/p-limit 25ms (cache hit)
npm http cache https://registry.npmjs.org/fill-range 24ms (cache hit)
npm http cache https://registry.npmjs.org/to-regex-range 22ms (cache hit)
npm http cache https://registry.npmjs.org/is-number 33ms (cache hit)
npm http cache https://registry.npmjs.org/balanced-match 207ms (cache hit)
npm http cache https://registry.npmjs.org/concat-map 235ms (cache hit)
npm http cache https://registry.npmjs.org/react 122ms (cache hit)
npm http cache https://registry.npmjs.org/color 106ms (cache hit)
npm http cache https://registry.npmjs.org/tslib 142ms (cache hit)
npm http cache https://registry.npmjs.org/@img%2fsharp-wasm32 141ms (cache hit)
npm http cache https://registry.npmjs.org/detect-libc 168ms (cache hit)
npm http cache https://registry.npmjs.org/streamsearch 193ms (cache hit)
npm http cache https://registry.npmjs.org/@img%2fsharp-linux-arm 211ms (cache hit)
npm http cache https://registry.npmjs.org/@img%2fsharp-linux-x64 228ms (cache hit)
npm http cache https://registry.npmjs.org/@img%2fsharp-win32-x64 175ms (cache hit)
npm http cache https://registry.npmjs.org/@img%2fsharp-linux-arm64 131ms (cache hit)
npm http cache https://registry.npmjs.org/@img%2fsharp-darwin-x64 174ms (cache hit)
npm http cache https://registry.npmjs.org/@img%2fsharp-linux-s390x 139ms (cache hit)
npm http cache https://registry.npmjs.org/@img%2fsharp-darwin-arm64 101ms (cache hit)
npm http cache https://registry.npmjs.org/@img%2fsharp-win32-ia32 183ms (cache hit)
npm http cache https://registry.npmjs.org/@img%2fsharp-linuxmusl-x64 106ms (cache hit)
npm http cache https://registry.npmjs.org/@img%2fsharp-linuxmusl-arm64 98ms (cache hit)
npm http cache https://registry.npmjs.org/@img%2fsharp-libvips-linux-arm 100ms (cache hit)
npm http cache https://registry.npmjs.org/@img%2fsharp-libvips-linux-x64 101ms (cache hit)
npm http cache https://registry.npmjs.org/@img%2fsharp-libvips-darwin-x64 101ms (cache hit)
npm http cache https://registry.npmjs.org/@img%2fsharp-libvips-linux-s390x 91ms (cache hit)
npm http cache https://registry.npmjs.org/@img%2fsharp-libvips-linux-arm64 110ms (cache hit)
npm http cache https://registry.npmjs.org/@img%2fsharp-libvips-darwin-arm64 98ms (cache hit)
npm http cache https://registry.npmjs.org/@img%2fsharp-libvips-linuxmusl-x64 80ms (cache hit)
npm http cache https://registry.npmjs.org/@img%2fsharp-libvips-linuxmusl-arm64 74ms (cache hit)
npm http cache https://registry.npmjs.org/client-only 74ms (cache hit)
npm http cache https://registry.npmjs.org/yocto-queue 17ms (cache hit)
npm http cache https://registry.npmjs.org/d3-time 66ms (cache hit)
npm http cache https://registry.npmjs.org/decimal.js-light 94ms (cache hit)
npm http cache https://registry.npmjs.org/d3-scale 100ms (cache hit)
npm http cache https://registry.npmjs.org/d3-array 133ms (cache hit)
npm http cache https://registry.npmjs.org/d3-shape 145ms (cache hit)
npm http cache https://registry.npmjs.org/d3-ease 169ms (cache hit)
npm http cache https://registry.npmjs.org/d3-timer 171ms (cache hit)
npm http cache https://registry.npmjs.org/@types%2fd3-ease 160ms (cache hit)
npm http cache https://registry.npmjs.org/d3-interpolate 122ms (cache hit)
npm http cache https://registry.npmjs.org/@types%2fd3-time 165ms (cache hit)
npm http cache https://registry.npmjs.org/@types%2fd3-array 122ms (cache hit)
npm http cache https://registry.npmjs.org/@types%2fd3-scale 113ms (cache hit)
npm http cache https://registry.npmjs.org/@types%2fd3-timer 93ms (cache hit)
npm http cache https://registry.npmjs.org/@types%2fd3-shape 111ms (cache hit)
npm http cache https://registry.npmjs.org/@types%2fd3-interpolate 63ms (cache hit)
npm http cache https://registry.npmjs.org/once 46ms (cache hit)
npm http cache https://registry.npmjs.org/inherits 51ms (cache hit)
npm http cache https://registry.npmjs.org/path-is-absolute 58ms (cache hit)
npm http cache https://registry.npmjs.org/fs.realpath 66ms (cache hit)
npm http cache https://registry.npmjs.org/inflight 75ms (cache hit)
npm http cache https://registry.npmjs.org/wrappy 41ms (cache hit)
npm http cache https://registry.npmjs.org/wrappy 46ms (cache hit)
npm http cache https://registry.npmjs.org/@emnapi%2fruntime 23ms (cache hit)
npm http cache https://registry.npmjs.org/color-string 30ms (cache hit)
npm http cache https://registry.npmjs.org/simple-swizzle 16ms (cache hit)
npm http cache https://registry.npmjs.org/is-arrayish 16ms (cache hit)
npm http cache https://registry.npmjs.org/ts-node 22ms (cache hit)
npm http cache https://registry.npmjs.org/@swc%2fcore 52ms (cache hit)
npm http cache https://registry.npmjs.org/@swc%2fwasm 42ms (cache hit)
npm http cache https://registry.npmjs.org/@types%2fnode 115ms (cache hit)
npm http cache https://registry.npmjs.org/typescript 161ms (cache hit)
npm http cache https://registry.npmjs.org/anymatch 80ms (cache hit)
npm http cache https://registry.npmjs.org/readdirp 93ms (cache hit)
npm http cache https://registry.npmjs.org/read-cache 99ms (cache hit)
npm http cache https://registry.npmjs.org/is-binary-path 113ms (cache hit)
npm http cache https://registry.npmjs.org/camelcase-css 105ms (cache hit)
npm http cache https://registry.npmjs.org/lines-and-columns 92ms (cache hit)
npm http cache https://registry.npmjs.org/commander 111ms (cache hit)
npm http cache https://registry.npmjs.org/mz 92ms (cache hit)
npm http cache https://registry.npmjs.org/pirates 84ms (cache hit)
npm http cache https://registry.npmjs.org/ts-interface-checker 89ms (cache hit)
npm http cache https://registry.npmjs.org/binary-extensions 22ms (cache hit)
npm http cache https://registry.npmjs.org/pify 19ms (cache hit)
npm http cache https://registry.npmjs.org/any-promise 24ms (cache hit)
npm http cache https://registry.npmjs.org/object-assign 36ms (cache hit)
npm http cache https://registry.npmjs.org/thenify-all 42ms (cache hit)
npm http cache https://registry.npmjs.org/thenify 20ms (cache hit)
npm http cache https://registry.npmjs.org/which-builtin-type 19ms (cache hit)
npm http cache https://registry.npmjs.org/is-async-function 35ms (cache hit)
npm http cache https://registry.npmjs.org/which-collection 37ms (cache hit)
npm http cache https://registry.npmjs.org/is-finalizationregistry 47ms (cache hit)
npm http cache https://registry.npmjs.org/is-generator-function 50ms (cache hit)
npm http cache https://registry.npmjs.org/is-boolean-object 26ms (cache hit)
npm http cache https://registry.npmjs.org/is-bigint 33ms (cache hit)
npm http cache https://registry.npmjs.org/is-number-object 35ms (cache hit)
npm http cache https://registry.npmjs.org/@napi-rs%2fwasm-runtime 17ms (cache hit)
npm http cache https://registry.npmjs.org/@emnapi%2fcore 18ms (cache hit)
npm http cache https://registry.npmjs.org/@emnapi%2fwasi-threads 27ms (cache hit)
npm http cache https://registry.npmjs.org/@types%2fd3-color 67ms (cache hit)
npm http cache https://registry.npmjs.org/d3-color 72ms (cache hit)
npm http cache https://registry.npmjs.org/internmap 83ms (cache hit)
npm http cache https://registry.npmjs.org/d3-time-format 78ms (cache hit)
npm http cache https://registry.npmjs.org/d3-path 84ms (cache hit)
npm http cache https://registry.npmjs.org/d3-format 98ms (cache hit)
npm http cache https://registry.npmjs.org/@types%2fd3-path 111ms (cache hit)
npm http cache https://registry.npmjs.org/lightningcss-win32-arm64-msvc 55ms (cache hit)
npm http cache https://registry.npmjs.org/lightningcss-darwin-x64 71ms (cache hit)
npm http cache https://registry.npmjs.org/lightningcss-linux-x64-gnu 76ms (cache hit)
npm http cache https://registry.npmjs.org/lightningcss-win32-x64-msvc 83ms (cache hit)
npm http cache https://registry.npmjs.org/lightningcss-linux-arm64-gnu 90ms (cache hit)
npm http cache https://registry.npmjs.org/lightningcss-linux-arm-gnueabihf 98ms (cache hit)
npm http cache https://registry.npmjs.org/lightningcss-darwin-arm64 112ms (cache hit)
npm http cache https://registry.npmjs.org/lightningcss-linux-arm64-musl 91ms (cache hit)
npm http cache https://registry.npmjs.org/lightningcss-linux-x64-musl 92ms (cache hit)
npm http cache https://registry.npmjs.org/lightningcss-freebsd-x64 92ms (cache hit)
npm http cache https://registry.npmjs.org/lightningcss-android-arm64 90ms (cache hit)
npm http cache https://registry.npmjs.org/@rolldown%2fpluginutils 77ms (cache hit)
npm http cache https://registry.npmjs.org/@oxc-project%2ftypes 112ms (cache hit)
npm http cache https://registry.npmjs.org/@rolldown%2fbinding-darwin-x64 129ms (cache hit)
npm http cache https://registry.npmjs.org/@rolldown%2fbinding-linux-x64-gnu 174ms (cache hit)
npm http cache https://registry.npmjs.org/@rolldown%2fbinding-linux-x64-musl 224ms (cache hit)
npm http cache https://registry.npmjs.org/@rolldown%2fbinding-win32-x64-msvc 295ms (cache hit)
npm http cache https://registry.npmjs.org/@rolldown%2fbinding-freebsd-x64 333ms (cache hit)
npm http cache https://registry.npmjs.org/@rolldown%2fbinding-linux-arm64-gnu 335ms (cache hit)
npm http cache https://registry.npmjs.org/@rolldown%2fbinding-linux-arm-gnueabihf 404ms (cache hit)
npm http cache https://registry.npmjs.org/@rolldown%2fbinding-darwin-arm64 374ms (cache hit)
npm http cache https://registry.npmjs.org/@rolldown%2fbinding-linux-arm64-musl 365ms (cache hit)
npm http cache https://registry.npmjs.org/@rolldown%2fbinding-openharmony-arm64 340ms (cache hit)
npm http cache https://registry.npmjs.org/@rolldown%2fbinding-linux-s390x-gnu 146ms (cache hit)
npm http cache https://registry.npmjs.org/@rolldown%2fbinding-android-arm64 255ms (cache hit)
npm http cache https://registry.npmjs.org/@rolldown%2fbinding-win32-arm64-msvc 326ms (cache hit)
npm http cache https://registry.npmjs.org/@rolldown%2fbinding-wasm32-wasi 256ms (cache hit)
npm http cache https://registry.npmjs.org/@rolldown%2fbinding-linux-ppc64-gnu 193ms (cache hit)
npm http cache https://registry.npmjs.org/webpack 64ms (cache hit)
npm http cache https://registry.npmjs.org/@webassemblyjs%2fhelper-numbers 71ms (cache hit)
npm http cache https://registry.npmjs.org/@webassemblyjs%2fhelper-wasm-section 74ms (cache hit)
npm http cache https://registry.npmjs.org/@webassemblyjs%2fhelper-wasm-bytecode 88ms (cache hit)
npm http cache https://registry.npmjs.org/@webassemblyjs%2fhelper-wasm-bytecode 98ms (cache hit)
npm http cache https://registry.npmjs.org/@webassemblyjs%2fhelper-buffer 117ms (cache hit)
npm http cache https://registry.npmjs.org/@webassemblyjs%2fwasm-gen 132ms (cache hit)
npm http cache https://registry.npmjs.org/@webassemblyjs%2fwasm-opt 142ms (cache hit)
npm http cache https://registry.npmjs.org/@webassemblyjs%2fhelper-api-error 148ms (cache hit)
npm http cache https://registry.npmjs.org/@webassemblyjs%2fwast-printer 180ms (cache hit)
npm http cache https://registry.npmjs.org/@webassemblyjs%2fieee754 191ms (cache hit)
npm http cache https://registry.npmjs.org/mime-db 212ms (cache hit)
npm http cache https://registry.npmjs.org/@webassemblyjs%2futf8 252ms (cache hit)
npm http cache https://registry.npmjs.org/ajv 248ms (cache hit)
npm http cache https://registry.npmjs.org/@webassemblyjs%2fleb128 444ms (cache hit)
npm http cache https://registry.npmjs.org/ajv-keywords 465ms (cache hit)
npm http cache https://registry.npmjs.org/ajv-formats 543ms (cache hit)
npm http cache https://registry.npmjs.org/jest-worker 478ms (cache hit)
npm http cache https://registry.npmjs.org/@xtuc%2flong 54ms (cache hit)
npm http cache https://registry.npmjs.org/@webassemblyjs%2ffloating-point-hex-parser 61ms (cache hit)
npm http cache https://registry.npmjs.org/@xtuc%2fieee754 17ms (cache hit)
npm http cache https://registry.npmjs.org/fast-uri 98ms (cache hit)
npm http cache https://registry.npmjs.org/require-from-string 118ms (cache hit)
npm http cache https://registry.npmjs.org/ajv 143ms (cache hit)
npm http cache https://registry.npmjs.org/merge-stream 53ms (cache hit)
npm http cache https://registry.npmjs.org/@jridgewell%2fsource-map 63ms (cache hit)
npm http cache https://registry.npmjs.org/source-map-support 70ms (cache hit)
npm http cache https://registry.npmjs.org/source-map 30ms (cache hit)
npm http cache https://registry.npmjs.org/buffer-from 60ms (cache hit)
npm http cache https://registry.npmjs.org/async-function 72ms (cache hit)
npm http cache https://registry.npmjs.org/generator-function 76ms (cache hit)
npm http cache https://registry.npmjs.org/is-weakmap 80ms (cache hit)
npm http cache https://registry.npmjs.org/is-map 88ms (cache hit)
npm http cache https://registry.npmjs.org/is-weakset 92ms (cache hit)
npm http cache https://registry.npmjs.org/@typescript-eslint%2ftsconfig-utils 40ms (cache hit)
npm http cache https://registry.npmjs.org/iterator.prototype 165ms (cache hit)
npm http cache https://registry.npmjs.org/loose-envify 170ms (cache hit)
npm http cache https://registry.npmjs.org/node-exports-info 173ms (cache hit)
npm http fetch GET 200 https://registry.npmjs.org/react-is 1123ms (cache revalidated)
npm verbose stack Error: EPERM: operation not permitted, copyfile 'C:\Users\Dell Precision\Desktop\App Build\NoHunger VMS\nohunger-frontend\node_modules\lightningcss-win32-x64-msvc\lightningcss.win32-x64-msvc.node' -> 'C:\Users\Dell Precision\Desktop\App Build\NoHunger VMS\nohunger-frontend\node_modules\.lightningcss-win32-x64-msvc-FBXCOYFK\lightningcss.win32-x64-msvc.node'
npm verbose stack     at async Object.copyFile (node:internal/fs/promises:619:10)
npm verbose stack     at async moveFile (C:\Program Files\nodejs\node_modules\npm\node_modules\@npmcli\fs\lib\move-file.js:42:9)
npm verbose stack     at async Promise.all (index 0)
npm verbose stack     at async moveFile (C:\Program Files\nodejs\node_modules\npm\node_modules\@npmcli\fs\lib\move-file.js:36:9)
npm verbose stack     at async Promise.allSettled (index 3)
npm verbose stack     at async #reifyPackages (C:\Program Files\nodejs\node_modules\npm\node_modules\@npmcli\arborist\lib\arborist\reify.js:309:11)
npm verbose stack     at async Arborist.reify (C:\Program Files\nodejs\node_modules\npm\node_modules\@npmcli\arborist\lib\arborist\reify.js:121:5)
npm verbose stack     at async Install.exec (C:\Program Files\nodejs\node_modules\npm\lib\commands\install.js:151:5)
npm verbose stack     at async Npm.exec (C:\Program Files\nodejs\node_modules\npm\lib\npm.js:208:9)
npm verbose stack     at async module.exports (C:\Program Files\nodejs\node_modules\npm\lib\cli\entry.js:67:5)
npm error code EPERM
npm error syscall copyfile
npm error path C:\Users\Dell Precision\Desktop\App Build\NoHunger VMS\nohunger-frontend\node_modules\lightningcss-win32-x64-msvc\lightningcss.win32-x64-msvc.node
npm error dest C:\Users\Dell Precision\Desktop\App Build\NoHunger VMS\nohunger-frontend\node_modules\.lightningcss-win32-x64-msvc-FBXCOYFK\lightningcss.win32-x64-msvc.node
npm error errno -4048
npm error Error: EPERM: operation not permitted, copyfile 'C:\Users\Dell Precision\Desktop\App Build\NoHunger VMS\nohunger-frontend\node_modules\lightningcss-win32-x64-msvc\lightningcss.win32-x64-msvc.node' -> 'C:\Users\Dell Precision\Desktop\App Build\NoHunger VMS\nohunger-frontend\node_modules\.lightningcss-win32-x64-msvc-FBXCOYFK\lightningcss.win32-x64-msvc.node'
npm error     at async Object.copyFile (node:internal/fs/promises:619:10)
npm error     at async moveFile (C:\Program Files\nodejs\node_modules\npm\node_modules\@npmcli\fs\lib\move-file.js:42:9)
npm error     at async Promise.all (index 0)
npm error     at async moveFile (C:\Program Files\nodejs\node_modules\npm\node_modules\@npmcli\fs\lib\move-file.js:36:9)
npm error     at async Promise.allSettled (index 3)
npm error     at async #reifyPackages (C:\Program Files\nodejs\node_modules\npm\node_modules\@npmcli\arborist\lib\arborist\reify.js:309:11)
npm error     at async Arborist.reify (C:\Program Files\nodejs\node_modules\npm\node_modules\@npmcli\arborist\lib\arborist\reify.js:121:5)
npm error     at async Install.exec (C:\Program Files\nodejs\node_modules\npm\lib\commands\install.js:151:5)
npm error     at async Npm.exec (C:\Program Files\nodejs\node_modules\npm\lib\npm.js:208:9)
npm error     at async module.exports (C:\Program Files\nodejs\node_modules\npm\lib\cli\entry.js:67:5) {
npm error   errno: -4048,
npm error   code: 'EPERM',
npm error   syscall: 'copyfile',
npm error   path: 'C:\\Users\\Dell Precision\\Desktop\\App Build\\NoHunger VMS\\nohunger-frontend\\node_modules\\lightningcss-win32-x64-msvc\\lightningcss.win32-x64-msvc.node',
npm error   dest: 'C:\\Users\\Dell Precision\\Desktop\\App Build\\NoHunger VMS\\nohunger-frontend\\node_modules\\.lightningcss-win32-x64-msvc-FBXCOYFK\\lightningcss.win32-x64-msvc.node'
npm error }
npm error
npm error The operation was rejected by your operating system.
npm error It's possible that the file was already in use (by a text editor or antivirus),
npm error or that you lack permissions to access it.
npm error
npm error If you believe this might be a permissions issue, please double-check the
npm error permissions of the file and its containing directories, or try running
npm error the command again as root/Administrator.
npm verbose cwd C:\Users\Dell Precision\Desktop\App Build\NoHunger VMS\nohunger-frontend
npm verbose os Windows_NT 10.0.29553
npm verbose node v24.14.0
npm verbose npm  v11.9.0
npm verbose exit -4048
npm verbose code -4048
npm error A complete log of this run can be found in: C:\Users\Dell Precision\AppData\Local\npm-cache\_logs\2026-03-31T12_47_29_627Z-debug-0.log
